
> final-weapon-frontend@0.1.0 dev
> next dev -p 3000

▲ Next.js 16.2.9 (Turbopack)
- Local:         http://localhost:3000
- Network:       http://172.21.101.152:3000
- Environments: .env.local
✓ Ready in 285ms

 GET /company/recruitments/new?phase=form&step=1 200 in 227ms (next.js: 130ms, application-code: 96ms)
 GET /company/recruitments 200 in 125ms (next.js: 111ms, application-code: 14ms)
 GET /company/recruitments/43 200 in 268ms (next.js: 257ms, application-code: 10ms)
 GET /login 200 in 59ms (next.js: 33ms, application-code: 26ms)
 GET /login 200 in 15ms (next.js: 1424µs, application-code: 14ms)
 GET /candidate/jobs 200 in 34ms (next.js: 19ms, application-code: 15ms)
 GET /candidate/jobs/43 200 in 317ms (next.js: 257ms, application-code: 60ms)
 GET /login 200 in 50ms (next.js: 15ms, application-code: 36ms)
 GET /login 200 in 15ms (next.js: 2ms, application-code: 13ms)
 GET /company/applications/dashboard 200 in 29ms (next.js: 19ms, application-code: 10ms)
 GET /company/recruitments 200 in 22ms (next.js: 3ms, application-code: 19ms)
 GET /company/recruitments 200 in 11ms (next.js: 2ms, application-code: 9ms)
 GET /company/recruitments/new 200 in 35ms (next.js: 5ms, application-code: 30ms)
 GET /candidate/jobs/42 200 in 31ms (next.js: 8ms, application-code: 22ms)
 GET /login 200 in 16ms (next.js: 6ms, application-code: 10ms)
 GET /candidate/jobs/42 200 in 41ms (next.js: 14ms, application-code: 27ms)
 GET /login 200 in 17ms (next.js: 4ms, application-code: 14ms)
 GET /company/recruitments 200 in 27ms (next.js: 7ms, application-code: 20ms)
 GET /company/recruitments/44 200 in 29ms (next.js: 11ms, application-code: 18ms)
 GET /login 200 in 30ms (next.js: 5ms, application-code: 25ms)
 GET /login 200 in 13ms (next.js: 1388µs, application-code: 12ms)
 GET /candidate/jobs 200 in 13ms (next.js: 4ms, application-code: 9ms)
 GET /candidate/jobs/44 200 in 43ms (next.js: 10ms, application-code: 33ms)
 GET / 200 in 94ms (next.js: 40ms, application-code: 53ms)
 GET /candidate/jobs/44 200 in 43ms (next.js: 14ms, application-code: 30ms)
 GET /candidate/jobs/44 200 in 31ms (next.js: 7ms, application-code: 24ms)
✓ Compiled in 149ms
⚠ Fast Refresh had to perform a full reload when ./node_modules/next/dist/client/image-component.js changed. Read more: https://nextjs.org/docs/messages/fast-refresh-reload
⚠ Fast Refresh had to perform a full reload when ./node_modules/next/dist/client/image-component.js changed. Read more: https://nextjs.org/docs/messages/fast-refresh-reload
 GET /login 200 in 198ms (next.js: 100ms, application-code: 98ms)
 GET /candidate/jobs/44 200 in 199ms (next.js: 132ms, application-code: 67ms)
 GET /login 200 in 158ms (next.js: 1561µs, application-code: 156ms)
 GET /login 200 in 147ms (next.js: 20ms, application-code: 128ms)
 GET /candidate/jobs/44 200 in 171ms (next.js: 4ms, application-code: 167ms)
 GET /candidate/jobs/44 200 in 23ms (next.js: 2ms, application-code: 21ms)
 GET /login 200 in 140ms (next.js: 4ms, application-code: 137ms)
 GET /candidate/jobs/44 200 in 100ms (next.js: 1943µs, application-code: 98ms)
 GET /candidate/jobs/44 200 in 20ms (next.js: 4ms, application-code: 16ms)
 GET /candidate/jobs/44 200 in 31ms (next.js: 6ms, application-code: 25ms)
  Reload env: .env.local
✓ Compiled in 172ms
⚠ Fast Refresh had to perform a full reload when ./node_modules/next/dist/client/image-component.js changed. Read more: https://nextjs.org/docs/messages/fast-refresh-reload
⚠ Fast Refresh had to perform a full reload when ./node_modules/next/dist/client/image-component.js changed. Read more: https://nextjs.org/docs/messages/fast-refresh-reload
 GET /login 200 in 351ms (next.js: 123ms, application-code: 228ms)
 GET /login 200 in 168ms (next.js: 8ms, application-code: 160ms)
 GET /login 200 in 83ms (next.js: 12ms, application-code: 71ms)
 GET /candidate/jobs/44 200 in 347ms (next.js: 159ms, application-code: 188ms)
 GET /login 200 in 181ms (next.js: 21ms, application-code: 161ms)
 GET /candidate/jobs/44 200 in 99ms (next.js: 1565µs, application-code: 98ms)
 GET /candidate/jobs/44 200 in 14ms (next.js: 2ms, application-code: 11ms)
 GET /candidate/jobs/44 200 in 101ms (next.js: 20ms, application-code: 81ms)
✓ Compiled in 130ms
⚠ Fast Refresh had to perform a full reload when ./node_modules/next/dist/client/image-component.js changed. Read more: https://nextjs.org/docs/messages/fast-refresh-reload
⚠ Fast Refresh had to perform a full reload when ./node_modules/next/dist/client/image-component.js changed. Read more: https://nextjs.org/docs/messages/fast-refresh-reload
 GET /login 200 in 178ms (next.js: 89ms, application-code: 89ms)
 GET /candidate/jobs/44 200 in 169ms (next.js: 112ms, application-code: 57ms)
 GET /login 200 in 85ms (next.js: 1401µs, application-code: 83ms)
 GET /login 200 in 161ms (next.js: 4ms, application-code: 157ms)
 GET /candidate/jobs/44 200 in 173ms (next.js: 796µs, application-code: 172ms)
 GET /login 200 in 147ms (next.js: 4ms, application-code: 143ms)
 GET /candidate/jobs/44 200 in 100ms (next.js: 4ms, application-code: 97ms)
 GET /candidate/jobs/44 200 in 105ms (next.js: 11ms, application-code: 94ms)
 GET /candidate/jobs/44 200 in 33ms (next.js: 7ms, application-code: 26ms)
 GET /login 200 in 53ms (next.js: 4ms, application-code: 49ms)
 GET /login 200 in 32ms (next.js: 4ms, application-code: 27ms)
 GET /company/applications/dashboard 200 in 21ms (next.js: 10ms, application-code: 12ms)
 GET /company/recruitments 200 in 24ms (next.js: 8ms, application-code: 15ms)
 GET /company/recruitments 200 in 9ms (next.js: 1484µs, application-code: 7ms)
 GET /company/recruitments/44 200 in 35ms (next.js: 20ms, application-code: 15ms)
 GET /company/recruitments/new 200 in 37ms (next.js: 17ms, application-code: 21ms)
 GET /company/recruitments 200 in 24ms (next.js: 7ms, application-code: 17ms)
 GET /company/recruitments/45 200 in 29ms (next.js: 10ms, application-code: 19ms)
 GET /login 200 in 33ms (next.js: 4ms, application-code: 29ms)
 GET /login 200 in 14ms (next.js: 1670µs, application-code: 12ms)
 GET /candidate/jobs 200 in 20ms (next.js: 11ms, application-code: 9ms)
 GET /candidate/jobs/45 200 in 61ms (next.js: 8ms, application-code: 53ms)
